Script started on Mon 23 Feb 2015 12:25:42 AM PST
~
dhand002@hammer $ cs100
[0;91m
===============================================================================
|                                                                             |
| You have enabled settings specific for cs100.  Everything you do is being   |
| recorded to measure your progress in the class.                             |
|                                                                             |
| Important commands for the class:                                           |
|   * calcgrade.sh          displays a detailed breakdown of your grade       |
|   * typespeed             practice typing unix commands                     |
|                                                                             |
| Important commands for general C++ programming:                             |
|   * make                  don't call g++ manually; let make do the work!    |
|   * gdb                   the GNU debugger                                  |
|   * valgrind              get rid of your memory leaks                      |
|   * cppcheck              static analysis tool                              |
|   * man                   find help about any syscall / terminal command    |
|                                                                             |
===============================================================================
[0m
[s%%%%%%%%%%[u[0;32mdhand002[0;36m@[0;32mcs100[0;36m:[0;32m~[0;95m [0;36m$[0m cd CS100/firstrepo/rshell/
[s%%%%%%%%%%[u[0;32mdhand002[0;36m@[0;32mcs100[0;36m:[0;32m~/CS100/firstrepo/rshell[0;95m (redirect) [0;36m$[0m [K[s%%%%%%%%%%[u[0;32mdhand002[0;36m@[0;32mcs100[0;36m:[0;32m~/CS100/firstrepo/rshell[0;95m (redirect) [0;36m$[0m [K[s%%%%%%%%%%[u[0;32mdhand002[0;36m@[0;32mcs100[0;36m:[0;32m~/CS100/firstrepo/rshell[0;95m (redirect) [0;36m$[0m bin/rshell 
$ ca  exit
[s%%%%%%%%%%[u[0;32mdhand002[0;36m@[0;32mcs100[0;36m:[0;32m~/CS100/firstrepo/rshell[0;95m (redirect) [0;36m$[0m make
g++ -o rshell rshell.o
mv rshell bin
[s%%%%%%%%%%[u[0;32mdhand002[0;36m@[0;32mcs100[0;36m:[0;32m~/CS100/firstrepo/rshell[0;95m (redirect) [0;36m$[0m makebin/rshell 
$ cat < t1 # 	#basic input
all.cpp
a.out
bin
ex1.cpp
existingInputFile
LICENSE
Makefile
newOutputFile1
newOutputFile2
README.md
rshell.o
src
statManEx.cpp
stdErr.cpp
t1
t2
t3
t3.cpp
tests
$ cat     pwd > t2  	#g basic output redirect
$ cat t2
/home/csmajs/dhand002/CS100/firstrepo/rshell
$ cat > t1 < t2  	#mis xing up flags
$ cat t2 1
/home/csmajs/dhand002/CS100/firstrepo/rshell
$ cat 0> t1 1<            ls 2>  1> t1        pwd -dsljfk 2> 1>    r1  t1     - 2> l t1
$ # tes    Ect  xtre   a credit, showing error output
$ cat t1
pwd: invalid option -- 'd'
Try `pwd --help' for more information.
$ cat     pwd -dslkfj 2>> t1 #pro   shoi wing append works too
$ cat t1
pwd: invalid option -- 'd'
Try `pwd --help' for more information.
pwd: invalid option -- 'd'
Try `pwd --help' for more information.
$ cat   cat < t1    0< t1 1>> t2	#i showing it works for other                  appending fd works on other operators too
$ cat t2
/home/csmajs/dhand002/CS100/firstrepo/rshell
pwd: invalid option -- 'd'
Try `pwd --help' for more information.
pwd: invalid option -- 'd'
Try `pwd --help' for more information.
$ cat 0< t        cat   p g g++ all.cpp           cat     g++ all.cpp <  
$ a.out < t1 >     t2 2> t2 3 #us   	 	#i using all t           testing flags     all fd works
$ cat t2
This is COUT
$ cat t3
THIS IS (Whisper) stderr
pwd:
$ ca  cat t1
pwd: invalid option -- 'd'
Try `pwd --help' for more information.
pwd: invalid option -- 'd'
Try `pwd --help' for more information.
$ #a cin works     took pwd:  , and co  e t2 and t3 got respective in  o stdout and stderr
$ cat     echo everything is awesome | t1  cat
everything is awesome
jdk
jdk
$ # t  basic pipe test
$ echo everyting is awesome | tr a 'awesome' 'whatthe' | cat #b multiple chain piping
everyting is awesome
jk
jk
$ #piping may still have issues
$ ^^?  cat < existingInputFile | tr A-Z a-z | tee newOutputFile1 | tr a-z A-Z > newOutputFile2
$ cat newOutputFile1
$ cat newOutputFile2
A-Z A-Z

A-Z
$ e c # # t  tr   cat >     > cat newOutputFiles 2 | cat > newOutputFile1 	#mixing pipes and flag    redirection
$ cat newOutputFiles 2 1
A-Z A-Z

A-Z
$ cat   ls | c echo   | cat > t1    - 1> newOutputFile1
$ cat newOutputFile1
all.cpp
a.out
bin
ex1.cpp
existingInputFile
LICENSE
Makefile
newOutputFile1
newOutputFile2
README.md
rshell.o
src
statManEx.cpp
stdErr.cpp
t1
t2
t3
t3.cpp
tests

$ cat < newOutputFile1 | grep tests | tr A-X Z   a-z A-Z >   | cat > t1
$ # testing longer tests 
$ cat t1
all.cpp
a.out
bin
ex1.cpp
existingInputFile
LICENSE
Makefile
newOutputFile1
newOutputFile2
README.md
rshell.o
src
statManEx.cpp
stdErr.cpp
t1
t2
t3
t3.cpp
tests

$ exit
[s%%%%%%%%%%[u[0;32mdhand002[0;36m@[0;32mcs100[0;36m:[0;32m~/CS100/firstrepo/rshell[0;95m (redirect) [0;36m$[0m exit
exit
~
dhand002@hammer $ exit
exit

Script done on Mon 23 Feb 2015 12:37:54 AM PST
